// Jest Snapshot v1, https://goo.gl/fbAQLP

exports[`Counter It matches the snapshot 1`] = `ShallowWrapper {}`;
